built 4320 candidate poses across 270 fanned sweeps (15 lines x 18 tilts)
  scored 500/4320
  scored 1000/4320
  scored 1500/4320
  scored 2000/4320
  scored 2500/4320
  scored 3000/4320
  scored 3500/4320
  scored 4000/4320
content-novelty on 3291 valid poses ...
  content 200/3291
  content 400/3291
  content 600/3291
  content 800/3291
  content 1000/3291
  content 1200/3291
  content 1400/3291
  content 1600/3291
  content 1800/3291
  content 2000/3291
  content 2200/3291
  content 2400/3291
  content 2600/3291
  content 2800/3291
  content 3000/3291
  content 3200/3291
/anvme/workspace/b306dd11-deepussim/deepussim/renderer_training/generate_tilt_trajectories.py:237: RuntimeWarning: Mean of empty slice
  "mean_content_novelty": float(np.nanmean(content[mask])) if args.content_novelty else float("nan"),
{
  "out": "data/trajectories/novel_tilt_valid.npz",
  "method": "tilt-fan on real scan lines, per-pose in-volume clipped",
  "n_selected_poses": 243,
  "n_selected_sweeps": 16,
  "tilts_deg": [
    [
      -24,
      -12
    ],
    [
      -24,
      0
    ],
    [
      -24,
      12
    ],
    [
      -16,
      -12
    ],
    [
      -16,
      0
    ],
    [
      -16,
      12
    ],
    [
      -8,
      -12
    ],
    [
      -8,
      0
    ],
    [
      -8,
      12
    ],
    [
      8,
      -12
    ],
    [
      8,
      0
    ],
    [
      8,
      12
    ],
    [
      16,
      -12
    ],
    [
      16,
      0
    ],
    [
      16,
      12
    ],
    [
      24,
      -12
    ],
    [
      24,
      0
    ],
    [
      24,
      12
    ]
  ],
  "real_beam_offset_deg": {
    "mean": 13.300565400387443,
    "p95": 31.51980113951658
  },
  "selected_mean_beam_novelty_deg": 27.471006393432617,
  "selected_mean_inside": 0.9812064170837402,
  "selected_min_inside": 0.9060440063476562,
  "selected_mean_content_novelty": 0.5503525137901306,
  "params": {
    "lc2_dir": "/anvme/workspace/b306dd11-deepussim/deepussim/data/lc2",
    "out": "data/trajectories/novel_tilt_valid.npz",
    "lat_tilts_deg": [
      -24,
      -16,
      -8,
      8,
      16,
      24
    ],
    "elev_tilts_deg": [
      -12,
      0,
      12
    ],
    "per_line": 16,
    "n_trajectories": 16,
    "radius_mm": 8.0,
    "min_inside": 0.9,
    "min_valid_fraction": 0.8,
    "content_novelty": true,
    "max_lines": null,
    "report": "/anvme/workspace/b306dd11-deepussim/deepussim/reslice/outputs/frame_origin000/physical_frame_report.json",
    "volume_path": "/anvme/workspace/b306dd11-deepussim/deepussim/data/cbct_20260612/CBCT.mhd",
    "ref_sequence": "/anvme/workspace/b306dd11-deepussim/deepussim/data/sequences/scan1.npz",
    "us_spacing": 0.166112957
  }
}
